// Jest Snapshot v1, https://goo.gl/fbAQLP

exports[`followers endpoint GET /followers - success 1`] = `
Object {
  "next_cursor": 1601613231072862500,
  "next_cursor_str": "1601613231072862437",
  "previous_cursor": 0,
  "previous_cursor_str": "0",
  "total_count": null,
  "users": Array [
    Object {
      "blocked_by": null,
      "blocking": null,
      "contributors_enabled": false,
      "created_at": "Tue Jun 14 07:41:08 +0000 2016",
      "default_profile": false,
      "default_profile_image": false,
      "description": "Israel's annual Angular conference, with over 600 expected attendees!
Brought to you by @eventhandlerpro & @_500tech",
      "favourites_count": 577,
      "follow_request_sent": null,
      "followers_count": 1548,
      "following": null,
      "friends_count": 1207,
      "geo_enabled": false,
      "has_extended_profile": true,
      "id": 742622886817628200,
      "id_str": "742622886817628160",
      "is_translation_enabled": false,
      "is_translator": false,
      "lang": null,
      "listed_count": 48,
      "location": "Tel Aviv, Israel",
      "muting": null,
      "name": "AngularUP Conference",
      "notifications": null,
      "profile_background_color": "000000",
      "profile_background_image_url": "http://abs.twimg.com/images/themes/theme1/bg.png",
      "profile_background_image_url_https": "https://abs.twimg.com/images/themes/theme1/bg.png",
      "profile_background_tile": false,
      "profile_banner_url": "https://pbs.twimg.com/profile_banners/742622886817628160/1608554944",
      "profile_image_url": "http://pbs.twimg.com/profile_images/1341002360185827328/3yIGrhBX_normal.jpg",
      "profile_image_url_https": "https://pbs.twimg.com/profile_images/1341002360185827328/3yIGrhBX_normal.jpg",
      "profile_link_color": "D10027",
      "profile_sidebar_border_color": "000000",
      "profile_sidebar_fill_color": "000000",
      "profile_text_color": "000000",
      "profile_use_background_image": false,
      "protected": false,
      "screen_name": "AngularUP",
      "statuses_count": 572,
      "time_zone": null,
      "translator_type": "none",
      "url": "http://www.angular-up.com",
      "utc_offset": null,
      "verified": false,
      "withheld_in_countries": Array [],
    },
    Object {
      "blocked_by": null,
      "blocking": null,
      "contributors_enabled": false,
      "created_at": "Tue Jan 29 04:53:41 +0000 2019",
      "default_profile": true,
      "default_profile_image": false,
      "description": "Anything related to Programming...",
      "favourites_count": 48,
      "follow_request_sent": null,
      "followers_count": 120,
      "following": null,
      "friends_count": 1272,
      "geo_enabled": false,
      "has_extended_profile": true,
      "id": 1090110709592031200,
      "id_str": "1090110709592031232",
      "is_translation_enabled": false,
      "is_translator": false,
      "lang": null,
      "listed_count": 0,
      "location": "",
      "muting": null,
      "name": "Code&Coffee",
      "notifications": null,
      "profile_background_color": "F5F8FA",
      "profile_background_image_url": null,
      "profile_background_image_url_https": null,
      "profile_background_tile": false,
      "profile_banner_url": "https://pbs.twimg.com/profile_banners/1090110709592031232/1548740574",
      "profile_image_url": "http://pbs.twimg.com/profile_images/1090120311402508288/itAmQt25_normal.jpg",
      "profile_image_url_https": "https://pbs.twimg.com/profile_images/1090120311402508288/itAmQt25_normal.jpg",
      "profile_link_color": "1DA1F2",
      "profile_sidebar_border_color": "C0DEED",
      "profile_sidebar_fill_color": "DDEEF6",
      "profile_text_color": "333333",
      "profile_use_background_image": true,
      "protected": false,
      "screen_name": "_CodeANDCoffee",
      "statuses_count": 14,
      "time_zone": null,
      "translator_type": "none",
      "url": null,
      "utc_offset": null,
      "verified": false,
      "withheld_in_countries": Array [],
    },
    Object {
      "blocked_by": null,
      "blocking": null,
      "contributors_enabled": false,
      "created_at": "Mon May 21 16:41:28 +0000 2007",
      "default_profile": false,
      "default_profile_image": false,
      "description": "I help developers build web apps, maintain @ngrx_io, chat about sports, and sling gifs. Angular GDE. DevRel @ Nrwl. YouTube http://bit.ly/3AvaoFz",
      "favourites_count": 21782,
      "follow_request_sent": null,
      "followers_count": 7943,
      "following": null,
      "friends_count": 1829,
      "geo_enabled": false,
      "has_extended_profile": false,
      "id": 6204132,
      "id_str": "6204132",
      "is_translation_enabled": false,
      "is_translator": false,
      "lang": null,
      "listed_count": 219,
      "location": "Alabama",
      "muting": null,
      "name": "Brandon Roberts",
      "notifications": null,
      "profile_background_color": "006699",
      "profile_background_image_url": "http://abs.twimg.com/images/themes/theme1/bg.png",
      "profile_background_image_url_https": "https://abs.twimg.com/images/themes/theme1/bg.png",
      "profile_background_tile": true,
      "profile_image_url": "http://pbs.twimg.com/profile_images/852334554677379072/qIu4znGT_normal.jpg",
      "profile_image_url_https": "https://pbs.twimg.com/profile_images/852334554677379072/qIu4znGT_normal.jpg",
      "profile_link_color": "0000FF",
      "profile_sidebar_border_color": "000000",
      "profile_sidebar_fill_color": "C2C6B8",
      "profile_text_color": "000000",
      "profile_use_background_image": false,
      "protected": false,
      "screen_name": "brandontroberts",
      "statuses_count": 28372,
      "time_zone": null,
      "translator_type": "none",
      "url": "https://brandonroberts.dev",
      "utc_offset": null,
      "verified": false,
      "withheld_in_countries": Array [],
    },
    Object {
      "blocked_by": null,
      "blocking": null,
      "contributors_enabled": false,
      "created_at": "Mon Nov 14 20:22:06 +0000 2016",
      "default_profile": false,
      "default_profile_image": false,
      "description": "Tech Author, Speaker and Entrepreneur 🚀 
Workshops and trainings with Hackteam ⚡ 
Making GraphQL easy @stepzen_dev 🥑 

Sharing opinions. ✉️ hello@hackteam.io",
      "favourites_count": 15890,
      "follow_request_sent": null,
      "followers_count": 13569,
      "following": null,
      "friends_count": 3492,
      "geo_enabled": true,
      "has_extended_profile": false,
      "id": 798259732263956500,
      "id_str": "798259732263956480",
      "is_translation_enabled": false,
      "is_translator": false,
      "lang": null,
      "listed_count": 0,
      "location": "Amsterdam, The Netherlands",
      "muting": null,
      "name": "Roy Derks",
      "notifications": null,
      "profile_background_color": "000000",
      "profile_background_image_url": "http://abs.twimg.com/images/themes/theme1/bg.png",
      "profile_background_image_url_https": "https://abs.twimg.com/images/themes/theme1/bg.png",
      "profile_background_tile": false,
      "profile_banner_url": "https://pbs.twimg.com/profile_banners/798259732263956480/1537358152",
      "profile_image_url": "http://pbs.twimg.com/profile_images/1169941475372781569/-10BXZ3k_normal.jpg",
      "profile_image_url_https": "https://pbs.twimg.com/profile_images/1169941475372781569/-10BXZ3k_normal.jpg",
      "profile_link_color": "FAB81E",
      "profile_sidebar_border_color": "000000",
      "profile_sidebar_fill_color": "000000",
      "profile_text_color": "000000",
      "profile_use_background_image": false,
      "protected": false,
      "screen_name": "gethackteam",
      "statuses_count": 5378,
      "time_zone": null,
      "translator_type": "none",
      "url": "http://hackteam.io/workshops",
      "utc_offset": null,
      "verified": false,
      "withheld_in_countries": Array [],
    },
    Object {
      "blocked_by": null,
      "blocking": null,
      "contributors_enabled": false,
      "created_at": "Fri Aug 02 22:29:09 +0000 2013",
      "default_profile": true,
      "default_profile_image": false,
      "description": "EnterpriseNG | Dec 2 - 3, 2021 | Online",
      "favourites_count": 3116,
      "follow_request_sent": null,
      "followers_count": 28422,
      "following": null,
      "friends_count": 3616,
      "geo_enabled": false,
      "has_extended_profile": false,
      "id": 1641434394,
      "id_str": "1641434394",
      "is_translation_enabled": false,
      "is_translator": false,
      "lang": null,
      "listed_count": 536,
      "location": "ONLINE",
      "muting": null,
      "name": "ng-conf",
      "notifications": null,
      "profile_background_color": "C0DEED",
      "profile_background_image_url": "http://abs.twimg.com/images/themes/theme1/bg.png",
      "profile_background_image_url_https": "https://abs.twimg.com/images/themes/theme1/bg.png",
      "profile_background_tile": false,
      "profile_banner_url": "https://pbs.twimg.com/profile_banners/1641434394/1619488110",
      "profile_image_url": "http://pbs.twimg.com/profile_images/1386859765377216515/SuUeLQpv_normal.jpg",
      "profile_image_url_https": "https://pbs.twimg.com/profile_images/1386859765377216515/SuUeLQpv_normal.jpg",
      "profile_link_color": "1DA1F2",
      "profile_sidebar_border_color": "C0DEED",
      "profile_sidebar_fill_color": "DDEEF6",
      "profile_text_color": "333333",
      "profile_use_background_image": true,
      "protected": false,
      "screen_name": "ngconf",
      "statuses_count": 4342,
      "time_zone": null,
      "translator_type": "none",
      "url": "http://ng-conf.org",
      "utc_offset": null,
      "verified": false,
      "withheld_in_countries": Array [],
    },
    Object {
      "blocked_by": null,
      "blocking": null,
      "contributors_enabled": false,
      "created_at": "Sat Jul 28 19:07:43 +0000 2018",
      "default_profile": true,
      "default_profile_image": false,
      "description": "",
      "favourites_count": 16,
      "follow_request_sent": null,
      "followers_count": 1100,
      "following": null,
      "friends_count": 2010,
      "geo_enabled": false,
      "has_extended_profile": false,
      "id": 1023283880189513700,
      "id_str": "1023283880189513728",
      "is_translation_enabled": false,
      "is_translator": false,
      "lang": null,
      "listed_count": 8,
      "location": "",
      "muting": null,
      "name": "Angular Top 5",
      "notifications": null,
      "profile_background_color": "F5F8FA",
      "profile_background_image_url": null,
      "profile_background_image_url_https": null,
      "profile_background_tile": false,
      "profile_banner_url": "https://pbs.twimg.com/profile_banners/1023283880189513728/1541007394",
      "profile_image_url": "http://pbs.twimg.com/profile_images/1057686402043793409/vE3jbl9N_normal.jpg",
      "profile_image_url_https": "https://pbs.twimg.com/profile_images/1057686402043793409/vE3jbl9N_normal.jpg",
      "profile_link_color": "1DA1F2",
      "profile_sidebar_border_color": "C0DEED",
      "profile_sidebar_fill_color": "DDEEF6",
      "profile_text_color": "333333",
      "profile_use_background_image": true,
      "protected": false,
      "screen_name": "5Angular",
      "statuses_count": 256,
      "time_zone": null,
      "translator_type": "none",
      "url": null,
      "utc_offset": null,
      "verified": false,
      "withheld_in_countries": Array [],
    },
    Object {
      "blocked_by": null,
      "blocking": null,
      "contributors_enabled": false,
      "created_at": "Wed Oct 24 18:22:13 +0000 2018",
      "default_profile": true,
      "default_profile_image": true,
      "description": "",
      "favourites_count": 0,
      "follow_request_sent": null,
      "followers_count": 2,
      "following": null,
      "friends_count": 100,
      "geo_enabled": false,
      "has_extended_profile": false,
      "id": 1055162562009014300,
      "id_str": "1055162562009014277",
      "is_translation_enabled": false,
      "is_translator": false,
      "lang": null,
      "listed_count": 0,
      "location": "",
      "muting": null,
      "name": "Leon Jalfon",
      "notifications": null,
      "profile_background_color": "F5F8FA",
      "profile_background_image_url": null,
      "profile_background_image_url_https": null,
      "profile_background_tile": false,
      "profile_image_url": "http://abs.twimg.com/sticky/default_profile_images/default_profile_normal.png",
      "profile_image_url_https": "https://abs.twimg.com/sticky/default_profile_images/default_profile_normal.png",
      "profile_link_color": "1DA1F2",
      "profile_sidebar_border_color": "C0DEED",
      "profile_sidebar_fill_color": "DDEEF6",
      "profile_text_color": "333333",
      "profile_use_background_image": true,
      "protected": false,
      "screen_name": "JalfonLeon",
      "statuses_count": 8,
      "time_zone": null,
      "translator_type": "none",
      "url": null,
      "utc_offset": null,
      "verified": false,
      "withheld_in_countries": Array [],
    },
    Object {
      "blocked_by": null,
      "blocking": null,
      "contributors_enabled": false,
      "created_at": "Fri Apr 10 17:48:17 +0000 2015",
      "default_profile": true,
      "default_profile_image": false,
      "description": "Softwarearchitekt @ brandneo GmbH",
      "favourites_count": 102,
      "follow_request_sent": null,
      "followers_count": 23,
      "following": null,
      "friends_count": 31,
      "geo_enabled": false,
      "has_extended_profile": false,
      "id": 3154192852,
      "id_str": "3154192852",
      "is_translation_enabled": false,
      "is_translator": false,
      "lang": null,
      "listed_count": 1,
      "location": "Bochum, Deutschland",
      "muting": null,
      "name": "Christian Müller",
      "notifications": null,
      "profile_background_color": "C0DEED",
      "profile_background_image_url": "http://abs.twimg.com/images/themes/theme1/bg.png",
      "profile_background_image_url_https": "https://abs.twimg.com/images/themes/theme1/bg.png",
      "profile_background_tile": false,
      "profile_image_url": "http://pbs.twimg.com/profile_images/1155028682181926913/lQzFHpst_normal.jpg",
      "profile_image_url_https": "https://pbs.twimg.com/profile_images/1155028682181926913/lQzFHpst_normal.jpg",
      "profile_link_color": "1DA1F2",
      "profile_sidebar_border_color": "C0DEED",
      "profile_sidebar_fill_color": "DDEEF6",
      "profile_text_color": "333333",
      "profile_use_background_image": true,
      "protected": false,
      "screen_name": "Cr0n3x",
      "statuses_count": 55,
      "time_zone": null,
      "translator_type": "none",
      "url": "https://christianmueller.dev",
      "utc_offset": null,
      "verified": false,
      "withheld_in_countries": Array [],
    },
    Object {
      "blocked_by": null,
      "blocking": null,
      "contributors_enabled": false,
      "created_at": "Tue Jul 06 14:09:29 +0000 2010",
      "default_profile": true,
      "default_profile_image": false,
      "description": "Front-end Architect (javascript ES6-Typescript, java, node JS, React, Angular)",
      "favourites_count": 2076,
      "follow_request_sent": null,
      "followers_count": 64,
      "following": null,
      "friends_count": 355,
      "geo_enabled": false,
      "has_extended_profile": false,
      "id": 163469422,
      "id_str": "163469422",
      "is_translation_enabled": false,
      "is_translator": false,
      "lang": null,
      "listed_count": 2,
      "location": "",
      "muting": null,
      "name": "Thibaud Dervily",
      "notifications": null,
      "profile_background_color": "C0DEED",
      "profile_background_image_url": "http://abs.twimg.com/images/themes/theme1/bg.png",
      "profile_background_image_url_https": "https://abs.twimg.com/images/themes/theme1/bg.png",
      "profile_background_tile": false,
      "profile_banner_url": "https://pbs.twimg.com/profile_banners/163469422/1497357924",
      "profile_image_url": "http://pbs.twimg.com/profile_images/874606653722828801/RJidAv3Y_normal.jpg",
      "profile_image_url_https": "https://pbs.twimg.com/profile_images/874606653722828801/RJidAv3Y_normal.jpg",
      "profile_link_color": "1DA1F2",
      "profile_sidebar_border_color": "C0DEED",
      "profile_sidebar_fill_color": "DDEEF6",
      "profile_text_color": "333333",
      "profile_use_background_image": true,
      "protected": false,
      "screen_name": "perscrew",
      "statuses_count": 1175,
      "time_zone": null,
      "translator_type": "none",
      "url": "https://github.com/perscrew/",
      "utc_offset": null,
      "verified": false,
      "withheld_in_countries": Array [],
    },
    Object {
      "blocked_by": null,
      "blocking": null,
      "contributors_enabled": false,
      "created_at": "Wed Jun 27 13:47:22 +0000 2018",
      "default_profile": true,
      "default_profile_image": false,
      "description": "Software developer and architect . Really into cool technical stuff . Huge fan of JavaScript.",
      "favourites_count": 585,
      "follow_request_sent": null,
      "followers_count": 843,
      "following": null,
      "friends_count": 435,
      "geo_enabled": false,
      "has_extended_profile": false,
      "id": 1011969239253700600,
      "id_str": "1011969239253700609",
      "is_translation_enabled": false,
      "is_translator": false,
      "lang": null,
      "listed_count": 16,
      "location": "ישראל",
      "muting": null,
      "name": "Tamar Twena Stern",
      "notifications": null,
      "profile_background_color": "F5F8FA",
      "profile_background_image_url": null,
      "profile_background_image_url_https": null,
      "profile_background_tile": false,
      "profile_banner_url": "https://pbs.twimg.com/profile_banners/1011969239253700609/1546377167",
      "profile_image_url": "http://pbs.twimg.com/profile_images/1080210561344962560/eWtmw1CD_normal.jpg",
      "profile_image_url_https": "https://pbs.twimg.com/profile_images/1080210561344962560/eWtmw1CD_normal.jpg",
      "profile_link_color": "1DA1F2",
      "profile_sidebar_border_color": "C0DEED",
      "profile_sidebar_fill_color": "DDEEF6",
      "profile_text_color": "333333",
      "profile_use_background_image": true,
      "protected": false,
      "screen_name": "SternTwena",
      "statuses_count": 316,
      "time_zone": null,
      "translator_type": "none",
      "url": null,
      "utc_offset": null,
      "verified": false,
      "withheld_in_countries": Array [],
    },
    Object {
      "blocked_by": null,
      "blocking": null,
      "contributors_enabled": false,
      "created_at": "Tue Jun 30 06:44:47 +0000 2009",
      "default_profile": false,
      "default_profile_image": false,
      "description": "DevRel @Microsoft @Azure. Norway’s main #cloud dev skills booster. Founder @PWASummit @ngVikingsConf @mobileeraconf. Speaker #PWA @angular. Web @GoogleDevExpert",
      "favourites_count": 13021,
      "follow_request_sent": null,
      "followers_count": 7851,
      "following": null,
      "friends_count": 4590,
      "geo_enabled": true,
      "has_extended_profile": true,
      "id": 52327702,
      "id_str": "52327702",
      "is_translation_enabled": false,
      "is_translator": false,
      "lang": null,
      "listed_count": 193,
      "location": "Oslo, Norway",
      "muting": null,
      "name": "Maxim Salnikov",
      "notifications": null,
      "profile_background_color": "000000",
      "profile_background_image_url": "http://abs.twimg.com/images/themes/theme9/bg.gif",
      "profile_background_image_url_https": "https://abs.twimg.com/images/themes/theme9/bg.gif",
      "profile_background_tile": false,
      "profile_banner_url": "https://pbs.twimg.com/profile_banners/52327702/1631896330",
      "profile_image_url": "http://pbs.twimg.com/profile_images/1438903194361470985/GNE_wXZw_normal.jpg",
      "profile_image_url_https": "https://pbs.twimg.com/profile_images/1438903194361470985/GNE_wXZw_normal.jpg",
      "profile_link_color": "003E92",
      "profile_sidebar_border_color": "000000",
      "profile_sidebar_fill_color": "000000",
      "profile_text_color": "000000",
      "profile_use_background_image": false,
      "protected": false,
      "screen_name": "webmaxru",
      "statuses_count": 2494,
      "time_zone": null,
      "translator_type": "none",
      "url": null,
      "utc_offset": null,
      "verified": false,
      "withheld_in_countries": Array [],
    },
    Object {
      "blocked_by": null,
      "blocking": null,
      "contributors_enabled": false,
      "created_at": "Fri Nov 18 14:56:41 +0000 2016",
      "default_profile": true,
      "default_profile_image": false,
      "description": "",
      "favourites_count": 68,
      "follow_request_sent": null,
      "followers_count": 2,
      "following": null,
      "friends_count": 26,
      "geo_enabled": false,
      "has_extended_profile": false,
      "id": 799627391962320900,
      "id_str": "799627391962320896",
      "is_translation_enabled": false,
      "is_translator": false,
      "lang": null,
      "listed_count": 0,
      "location": "",
      "muting": null,
      "name": "Alon",
      "notifications": null,
      "profile_background_color": "F5F8FA",
      "profile_background_image_url": null,
      "profile_background_image_url_https": null,
      "profile_background_tile": false,
      "profile_banner_url": "https://pbs.twimg.com/profile_banners/799627391962320896/1634492931",
      "profile_image_url": "http://pbs.twimg.com/profile_images/1449793707759357959/nYqYPrwN_normal.jpg",
      "profile_image_url_https": "https://pbs.twimg.com/profile_images/1449793707759357959/nYqYPrwN_normal.jpg",
      "profile_link_color": "1DA1F2",
      "profile_sidebar_border_color": "C0DEED",
      "profile_sidebar_fill_color": "DDEEF6",
      "profile_text_color": "333333",
      "profile_use_background_image": true,
      "protected": false,
      "screen_name": "avgalon1",
      "statuses_count": 24,
      "time_zone": null,
      "translator_type": "none",
      "url": null,
      "utc_offset": null,
      "verified": false,
      "withheld_in_countries": Array [],
    },
    Object {
      "blocked_by": null,
      "blocking": null,
      "contributors_enabled": false,
      "created_at": "Thu Dec 03 12:45:42 +0000 2009",
      "default_profile": false,
      "default_profile_image": false,
      "description": "fullsteak dev, traveller",
      "favourites_count": 1502,
      "follow_request_sent": null,
      "followers_count": 123,
      "following": null,
      "friends_count": 334,
      "geo_enabled": false,
      "has_extended_profile": false,
      "id": 94321539,
      "id_str": "94321539",
      "is_translation_enabled": false,
      "is_translator": false,
      "lang": null,
      "listed_count": 7,
      "location": "BIO - CGN",
      "muting": null,
      "name": "jon 👨🏻‍💻🏡",
      "notifications": null,
      "profile_background_color": "0099B9",
      "profile_background_image_url": "http://abs.twimg.com/images/themes/theme4/bg.gif",
      "profile_background_image_url_https": "https://abs.twimg.com/images/themes/theme4/bg.gif",
      "profile_background_tile": false,
      "profile_image_url": "http://pbs.twimg.com/profile_images/1345143485880479746/iHj2SGFU_normal.jpg",
      "profile_image_url_https": "https://pbs.twimg.com/profile_images/1345143485880479746/iHj2SGFU_normal.jpg",
      "profile_link_color": "000000",
      "profile_sidebar_border_color": "5ED4DC",
      "profile_sidebar_fill_color": "2E1C01",
      "profile_text_color": "3C3940",
      "profile_use_background_image": true,
      "protected": false,
      "screen_name": "Benja_Jon",
      "statuses_count": 3133,
      "time_zone": null,
      "translator_type": "none",
      "url": null,
      "utc_offset": null,
      "verified": false,
      "withheld_in_countries": Array [],
    },
    Object {
      "blocked_by": null,
      "blocking": null,
      "contributors_enabled": false,
      "created_at": "Wed Jan 30 20:07:11 +0000 2008",
      "default_profile": false,
      "default_profile_image": false,
      "description": "Developer. Unicorngrower. @DECypressUsers  @unitedaction_ev  @NgNiederrhein @jsunconf #Cypress Ambassador.

prev.@phpunconference, #RGSoC coach

Work @adesso_SE",
      "favourites_count": 12956,
      "follow_request_sent": null,
      "followers_count": 2028,
      "following": null,
      "friends_count": 4438,
      "geo_enabled": true,
      "has_extended_profile": true,
      "id": 12884262,
      "id_str": "12884262",
      "is_translation_enabled": false,
      "is_translator": false,
      "lang": null,
      "listed_count": 84,
      "location": "From the future 🙋‍♂️he/him",
      "muting": null,
      "name": "Tobias Struckmeier",
      "notifications": null,
      "profile_background_color": "BAB6AD",
      "profile_background_image_url": "http://abs.twimg.com/images/themes/theme1/bg.png",
      "profile_background_image_url_https": "https://abs.twimg.com/images/themes/theme1/bg.png",
      "profile_background_tile": false,
      "profile_banner_url": "https://pbs.twimg.com/profile_banners/12884262/1494533805",
      "profile_image_url": "http://pbs.twimg.com/profile_images/1349761496633516032/_O3vOqeH_normal.jpg",
      "profile_image_url_https": "https://pbs.twimg.com/profile_images/1349761496633516032/_O3vOqeH_normal.jpg",
      "profile_link_color": "981CEB",
      "profile_sidebar_border_color": "87BC44",
      "profile_sidebar_fill_color": "E0FF92",
      "profile_text_color": "000000",
      "profile_use_background_image": true,
      "protected": false,
      "screen_name": "tobmaster",
      "statuses_count": 19547,
      "time_zone": null,
      "translator_type": "none",
      "url": null,
      "utc_offset": null,
      "verified": false,
      "withheld_in_countries": Array [],
    },
    Object {
      "blocked_by": null,
      "blocking": null,
      "contributors_enabled": false,
      "created_at": "Sun Dec 30 16:39:27 +0000 2012",
      "default_profile": false,
      "default_profile_image": false,
      "description": "Lead frontend developer @Learningbank",
      "favourites_count": 34,
      "follow_request_sent": null,
      "followers_count": 55,
      "following": null,
      "friends_count": 106,
      "geo_enabled": true,
      "has_extended_profile": true,
      "id": 1048309261,
      "id_str": "1048309261",
      "is_translation_enabled": false,
      "is_translator": false,
      "lang": null,
      "listed_count": 6,
      "location": "Denmark",
      "muting": null,
      "name": "Daxi",
      "notifications": null,
      "profile_background_color": "000000",
      "profile_background_image_url": "http://abs.twimg.com/images/themes/theme1/bg.png",
      "profile_background_image_url_https": "https://abs.twimg.com/images/themes/theme1/bg.png",
      "profile_background_tile": false,
      "profile_banner_url": "https://pbs.twimg.com/profile_banners/1048309261/1448524475",
      "profile_image_url": "http://pbs.twimg.com/profile_images/830100281912352769/-WQ7TGlu_normal.jpg",
      "profile_image_url_https": "https://pbs.twimg.com/profile_images/830100281912352769/-WQ7TGlu_normal.jpg",
      "profile_link_color": "4A516B",
      "profile_sidebar_border_color": "000000",
      "profile_sidebar_fill_color": "000000",
      "profile_text_color": "000000",
      "profile_use_background_image": false,
      "protected": false,
      "screen_name": "daxigu",
      "statuses_count": 90,
      "time_zone": null,
      "translator_type": "none",
      "url": null,
      "utc_offset": null,
      "verified": false,
      "withheld_in_countries": Array [],
    },
    Object {
      "blocked_by": null,
      "blocking": null,
      "contributors_enabled": false,
      "created_at": "Sun Dec 10 09:35:18 +0000 2017",
      "default_profile": false,
      "default_profile_image": false,
      "description": "🦝",
      "favourites_count": 378,
      "follow_request_sent": null,
      "followers_count": 8,
      "following": null,
      "friends_count": 75,
      "geo_enabled": false,
      "has_extended_profile": true,
      "id": 939790616824897500,
      "id_str": "939790616824897537",
      "is_translation_enabled": false,
      "is_translator": false,
      "lang": null,
      "listed_count": 0,
      "location": "Москва, Россия",
      "muting": null,
      "name": "Роман Бабанов",
      "notifications": null,
      "profile_background_color": "000000",
      "profile_background_image_url": "http://abs.twimg.com/images/themes/theme1/bg.png",
      "profile_background_image_url_https": "https://abs.twimg.com/images/themes/theme1/bg.png",
      "profile_background_tile": false,
      "profile_banner_url": "https://pbs.twimg.com/profile_banners/939790616824897537/1523570419",
      "profile_image_url": "http://pbs.twimg.com/profile_images/984551809145556993/zBwRxhwS_normal.jpg",
      "profile_image_url_https": "https://pbs.twimg.com/profile_images/984551809145556993/zBwRxhwS_normal.jpg",
      "profile_link_color": "ABB8C2",
      "profile_sidebar_border_color": "000000",
      "profile_sidebar_fill_color": "000000",
      "profile_text_color": "000000",
      "profile_use_background_image": false,
      "protected": false,
      "screen_name": "Coon_JS",
      "statuses_count": 28,
      "time_zone": null,
      "translator_type": "none",
      "url": null,
      "utc_offset": null,
      "verified": false,
      "withheld_in_countries": Array [],
    },
    Object {
      "blocked_by": null,
      "blocking": null,
      "contributors_enabled": false,
      "created_at": "Tue Jul 08 11:27:41 +0000 2014",
      "default_profile": true,
      "default_profile_image": false,
      "description": "",
      "favourites_count": 57,
      "follow_request_sent": null,
      "followers_count": 47,
      "following": null,
      "friends_count": 53,
      "geo_enabled": false,
      "has_extended_profile": false,
      "id": 2611487394,
      "id_str": "2611487394",
      "is_translation_enabled": false,
      "is_translator": false,
      "lang": null,
      "listed_count": 0,
      "location": "",
      "muting": null,
      "name": "Tomer Shaiman",
      "notifications": null,
      "profile_background_color": "C0DEED",
      "profile_background_image_url": "http://abs.twimg.com/images/themes/theme1/bg.png",
      "profile_background_image_url_https": "https://abs.twimg.com/images/themes/theme1/bg.png",
      "profile_background_tile": false,
      "profile_image_url": "http://pbs.twimg.com/profile_images/1404166754746654726/yCmE2gWs_normal.jpg",
      "profile_image_url_https": "https://pbs.twimg.com/profile_images/1404166754746654726/yCmE2gWs_normal.jpg",
      "profile_link_color": "1DA1F2",
      "profile_sidebar_border_color": "C0DEED",
      "profile_sidebar_fill_color": "DDEEF6",
      "profile_text_color": "333333",
      "profile_use_background_image": true,
      "protected": false,
      "screen_name": "tshaiman",
      "statuses_count": 97,
      "time_zone": null,
      "translator_type": "none",
      "url": null,
      "utc_offset": null,
      "verified": false,
      "withheld_in_countries": Array [],
    },
    Object {
      "blocked_by": null,
      "blocking": null,
      "contributors_enabled": false,
      "created_at": "Thu Oct 08 13:25:06 +0000 2009",
      "default_profile": true,
      "default_profile_image": false,
      "description": "Heavy Rocker from Modi'in, Israel. I do web too. Front-end infra at @WixEng. @reasonml, @rustlang and @typescript and JavaScript",
      "favourites_count": 6027,
      "follow_request_sent": null,
      "followers_count": 685,
      "following": null,
      "friends_count": 1517,
      "geo_enabled": true,
      "has_extended_profile": true,
      "id": 80847569,
      "id_str": "80847569",
      "is_translation_enabled": false,
      "is_translator": false,
      "lang": null,
      "listed_count": 44,
      "location": "Modi'in, Israel",
      "muting": null,
      "name": "Schlez",
      "notifications": null,
      "profile_background_color": "C0DEED",
      "profile_background_image_url": "http://abs.twimg.com/images/themes/theme1/bg.png",
      "profile_background_image_url_https": "https://abs.twimg.com/images/themes/theme1/bg.png",
      "profile_background_tile": false,
      "profile_banner_url": "https://pbs.twimg.com/profile_banners/80847569/1404588591",
      "profile_image_url": "http://pbs.twimg.com/profile_images/1200413867437936640/SnCiBgrR_normal.jpg",
      "profile_image_url_https": "https://pbs.twimg.com/profile_images/1200413867437936640/SnCiBgrR_normal.jpg",
      "profile_link_color": "1DA1F2",
      "profile_sidebar_border_color": "C0DEED",
      "profile_sidebar_fill_color": "DDEEF6",
      "profile_text_color": "333333",
      "profile_use_background_image": true,
      "protected": false,
      "screen_name": "galstar",
      "statuses_count": 4006,
      "time_zone": null,
      "translator_type": "none",
      "url": "https://gal.hagever.com",
      "utc_offset": null,
      "verified": false,
      "withheld_in_countries": Array [],
    },
    Object {
      "blocked_by": null,
      "blocking": null,
      "contributors_enabled": false,
      "created_at": "Sat Dec 12 18:19:29 +0000 2009",
      "default_profile": false,
      "default_profile_image": false,
      "description": "Web Dev. Constantly learning. Not afraid of repeating myself. Leaning towards FrontEnd. Views are my own. Backend data is not.",
      "favourites_count": 10820,
      "follow_request_sent": null,
      "followers_count": 93,
      "following": null,
      "friends_count": 999,
      "geo_enabled": false,
      "has_extended_profile": true,
      "id": 96391183,
      "id_str": "96391183",
      "is_translation_enabled": false,
      "is_translator": false,
      "lang": null,
      "listed_count": 11,
      "location": "Israel",
      "muting": null,
      "name": "Naftali Friedman 😃",
      "notifications": null,
      "profile_background_color": "000000",
      "profile_background_image_url": "http://abs.twimg.com/images/themes/theme1/bg.png",
      "profile_background_image_url_https": "https://abs.twimg.com/images/themes/theme1/bg.png",
      "profile_background_tile": false,
      "profile_image_url": "http://pbs.twimg.com/profile_images/737609316409040899/W5avR26K_normal.jpg",
      "profile_image_url_https": "https://pbs.twimg.com/profile_images/737609316409040899/W5avR26K_normal.jpg",
      "profile_link_color": "19CF86",
      "profile_sidebar_border_color": "000000",
      "profile_sidebar_fill_color": "000000",
      "profile_text_color": "000000",
      "profile_use_background_image": false,
      "protected": false,
      "screen_name": "jnfsmile",
      "statuses_count": 2072,
      "time_zone": null,
      "translator_type": "none",
      "url": null,
      "utc_offset": null,
      "verified": false,
      "withheld_in_countries": Array [],
    },
    Object {
      "blocked_by": null,
      "blocking": null,
      "contributors_enabled": false,
      "created_at": "Mon Sep 09 00:05:03 +0000 2013",
      "default_profile": false,
      "default_profile_image": false,
      "description": "Javascript Developer, ¬¬! Make you ideas real, ジャワ!",
      "favourites_count": 2384,
      "follow_request_sent": null,
      "followers_count": 159,
      "following": null,
      "friends_count": 618,
      "geo_enabled": true,
      "has_extended_profile": true,
      "id": 1836455437,
      "id_str": "1836455437",
      "is_translation_enabled": false,
      "is_translator": false,
      "lang": null,
      "listed_count": 82,
      "location": "Querétaro Arteaga, México",
      "muting": null,
      "name": "Javier Ruiz",
      "notifications": null,
      "profile_background_color": "222329",
      "profile_background_image_url": "http://abs.twimg.com/images/themes/theme9/bg.gif",
      "profile_background_image_url_https": "https://abs.twimg.com/images/themes/theme9/bg.gif",
      "profile_background_tile": false,
      "profile_banner_url": "https://pbs.twimg.com/profile_banners/1836455437/1380314042",
      "profile_image_url": "http://pbs.twimg.com/profile_images/558746447126872064/i2fC5oN1_normal.jpeg",
      "profile_image_url_https": "https://pbs.twimg.com/profile_images/558746447126872064/i2fC5oN1_normal.jpeg",
      "profile_link_color": "D0E155",
      "profile_sidebar_border_color": "FFFFFF",
      "profile_sidebar_fill_color": "EBE8D9",
      "profile_text_color": "A6BFB9",
      "profile_use_background_image": true,
      "protected": false,
      "screen_name": "_javaruiz",
      "statuses_count": 3637,
      "time_zone": null,
      "translator_type": "none",
      "url": "http://javarv87.github.io",
      "utc_offset": null,
      "verified": false,
      "withheld_in_countries": Array [],
    },
    Object {
      "blocked_by": null,
      "blocking": null,
      "contributors_enabled": false,
      "created_at": "Wed Jun 13 08:50:14 +0000 2018",
      "default_profile": true,
      "default_profile_image": true,
      "description": "",
      "favourites_count": 9,
      "follow_request_sent": null,
      "followers_count": 1,
      "following": null,
      "friends_count": 40,
      "geo_enabled": false,
      "has_extended_profile": false,
      "id": 1006821029338021900,
      "id_str": "1006821029338021889",
      "is_translation_enabled": false,
      "is_translator": false,
      "lang": null,
      "listed_count": 0,
      "location": "",
      "muting": null,
      "name": "Shani",
      "notifications": null,
      "profile_background_color": "F5F8FA",
      "profile_background_image_url": null,
      "profile_background_image_url_https": null,
      "profile_background_tile": false,
      "profile_image_url": "http://abs.twimg.com/sticky/default_profile_images/default_profile_normal.png",
      "profile_image_url_https": "https://abs.twimg.com/sticky/default_profile_images/default_profile_normal.png",
      "profile_link_color": "1DA1F2",
      "profile_sidebar_border_color": "C0DEED",
      "profile_sidebar_fill_color": "DDEEF6",
      "profile_text_color": "333333",
      "profile_use_background_image": true,
      "protected": false,
      "screen_name": "Shani96869372",
      "statuses_count": 3,
      "time_zone": null,
      "translator_type": "none",
      "url": null,
      "utc_offset": null,
      "verified": false,
      "withheld_in_countries": Array [],
    },
    Object {
      "blocked_by": null,
      "blocking": null,
      "contributors_enabled": false,
      "created_at": "Mon Jan 16 06:42:42 +0000 2012",
      "default_profile": true,
      "default_profile_image": false,
      "description": "",
      "favourites_count": 463,
      "follow_request_sent": null,
      "followers_count": 53,
      "following": null,
      "friends_count": 1354,
      "geo_enabled": false,
      "has_extended_profile": false,
      "id": 465320668,
      "id_str": "465320668",
      "is_translation_enabled": false,
      "is_translator": false,
      "lang": null,
      "listed_count": 1,
      "location": "",
      "muting": null,
      "name": "Domenico M. De Giorgio",
      "notifications": null,
      "profile_background_color": "C0DEED",
      "profile_background_image_url": "http://abs.twimg.com/images/themes/theme1/bg.png",
      "profile_background_image_url_https": "https://abs.twimg.com/images/themes/theme1/bg.png",
      "profile_background_tile": false,
      "profile_image_url": "http://pbs.twimg.com/profile_images/869971932023840768/Ow-YR-8K_normal.jpg",
      "profile_image_url_https": "https://pbs.twimg.com/profile_images/869971932023840768/Ow-YR-8K_normal.jpg",
      "profile_link_color": "1DA1F2",
      "profile_sidebar_border_color": "C0DEED",
      "profile_sidebar_fill_color": "DDEEF6",
      "profile_text_color": "333333",
      "profile_use_background_image": true,
      "protected": false,
      "screen_name": "DMDeGiorgio",
      "statuses_count": 78,
      "time_zone": null,
      "translator_type": "none",
      "url": null,
      "utc_offset": null,
      "verified": false,
      "withheld_in_countries": Array [],
    },
    Object {
      "blocked_by": null,
      "blocking": null,
      "contributors_enabled": false,
      "created_at": "Thu Oct 23 12:09:18 +0000 2008",
      "default_profile": false,
      "default_profile_image": false,
      "description": "JavaScript dev. Father to twins. Coorganizer @AngularMunich. Lateral thinker to colleagues. \\"God of breaking, smashing and losing things\\" to wife.",
      "favourites_count": 3268,
      "follow_request_sent": null,
      "followers_count": 310,
      "following": null,
      "friends_count": 262,
      "geo_enabled": false,
      "has_extended_profile": false,
      "id": 16925189,
      "id_str": "16925189",
      "is_translation_enabled": false,
      "is_translator": false,
      "lang": null,
      "listed_count": 64,
      "location": "Munich",
      "muting": null,
      "name": "Zlatko Đurić",
      "notifications": null,
      "profile_background_color": "1A1B1F",
      "profile_background_image_url": "http://abs.twimg.com/images/themes/theme9/bg.gif",
      "profile_background_image_url_https": "https://abs.twimg.com/images/themes/theme9/bg.gif",
      "profile_background_tile": false,
      "profile_banner_url": "https://pbs.twimg.com/profile_banners/16925189/1398596658",
      "profile_image_url": "http://pbs.twimg.com/profile_images/1161384515/profil_normal.jpg",
      "profile_image_url_https": "https://pbs.twimg.com/profile_images/1161384515/profil_normal.jpg",
      "profile_link_color": "2FC2EF",
      "profile_sidebar_border_color": "181A1E",
      "profile_sidebar_fill_color": "252429",
      "profile_text_color": "666666",
      "profile_use_background_image": true,
      "protected": false,
      "screen_name": "zladuric",
      "statuses_count": 7993,
      "time_zone": null,
      "translator_type": "none",
      "url": null,
      "utc_offset": null,
      "verified": false,
      "withheld_in_countries": Array [],
    },
    Object {
      "blocked_by": null,
      "blocking": null,
      "contributors_enabled": false,
      "created_at": "Sat Dec 26 15:58:40 +0000 2015",
      "default_profile": true,
      "default_profile_image": false,
      "description": "Senior Fullstack developer and Security Champion at the Nielsen Marketing Cloud. Passionate about technology, coding and web security.",
      "favourites_count": 241,
      "follow_request_sent": null,
      "followers_count": 125,
      "following": null,
      "friends_count": 246,
      "geo_enabled": false,
      "has_extended_profile": true,
      "id": 4612195035,
      "id_str": "4612195035",
      "is_translation_enabled": false,
      "is_translator": false,
      "lang": null,
      "listed_count": 0,
      "location": "Israel",
      "muting": null,
      "name": "Sebastian Curland",
      "notifications": null,
      "profile_background_color": "F5F8FA",
      "profile_background_image_url": null,
      "profile_background_image_url_https": null,
      "profile_background_tile": false,
      "profile_image_url": "http://pbs.twimg.com/profile_images/956440374746152960/ShAC3MTm_normal.jpg",
      "profile_image_url_https": "https://pbs.twimg.com/profile_images/956440374746152960/ShAC3MTm_normal.jpg",
      "profile_link_color": "1DA1F2",
      "profile_sidebar_border_color": "C0DEED",
      "profile_sidebar_fill_color": "DDEEF6",
      "profile_text_color": "333333",
      "profile_use_background_image": true,
      "protected": false,
      "screen_name": "sebcurland",
      "statuses_count": 166,
      "time_zone": null,
      "translator_type": "none",
      "url": "https://medium.com/@sebcurland",
      "utc_offset": null,
      "verified": false,
      "withheld_in_countries": Array [],
    },
    Object {
      "blocked_by": null,
      "blocking": null,
      "contributors_enabled": false,
      "created_at": "Sun Aug 26 09:07:34 +0000 2012",
      "default_profile": true,
      "default_profile_image": false,
      "description": "A husband & father of three. BSc. in Computer & Software Engineering @ the Technion. Mostly investing and tech twitting",
      "favourites_count": 3739,
      "follow_request_sent": null,
      "followers_count": 361,
      "following": null,
      "friends_count": 1707,
      "geo_enabled": true,
      "has_extended_profile": false,
      "id": 782061396,
      "id_str": "782061396",
      "is_translation_enabled": false,
      "is_translator": false,
      "lang": null,
      "listed_count": 10,
      "location": "ISRAEL",
      "muting": null,
      "name": "David Gabay",
      "notifications": null,
      "profile_background_color": "C0DEED",
      "profile_background_image_url": "http://abs.twimg.com/images/themes/theme1/bg.png",
      "profile_background_image_url_https": "https://abs.twimg.com/images/themes/theme1/bg.png",
      "profile_background_tile": false,
      "profile_banner_url": "https://pbs.twimg.com/profile_banners/782061396/1411806320",
      "profile_image_url": "http://pbs.twimg.com/profile_images/504562352868425728/GlmFjm4j_normal.jpeg",
      "profile_image_url_https": "https://pbs.twimg.com/profile_images/504562352868425728/GlmFjm4j_normal.jpeg",
      "profile_link_color": "1DA1F2",
      "profile_sidebar_border_color": "C0DEED",
      "profile_sidebar_fill_color": "DDEEF6",
      "profile_text_color": "333333",
      "profile_use_background_image": true,
      "protected": false,
      "screen_name": "GabayDavid",
      "statuses_count": 2082,
      "time_zone": null,
      "translator_type": "none",
      "url": null,
      "utc_offset": null,
      "verified": false,
      "withheld_in_countries": Array [],
    },
    Object {
      "blocked_by": null,
      "blocking": null,
      "contributors_enabled": false,
      "created_at": "Mon Nov 21 14:05:09 +0000 2011",
      "default_profile": false,
      "default_profile_image": false,
      "description": "I've been a Web Developer for many years in Brazil. I'm learning to live, #English, #jQuery, #JavaScript, #NodeJS, #ExpressJS, #PHP, #Python, and more.",
      "favourites_count": 1084,
      "follow_request_sent": null,
      "followers_count": 526,
      "following": null,
      "friends_count": 5001,
      "geo_enabled": true,
      "has_extended_profile": true,
      "id": 417898030,
      "id_str": "417898030",
      "is_translation_enabled": false,
      "is_translator": false,
      "lang": null,
      "listed_count": 16,
      "location": "Sao Paulo, Brazil",
      "muting": null,
      "name": "Mazinho Web",
      "notifications": null,
      "profile_background_color": "000000",
      "profile_background_image_url": "http://abs.twimg.com/images/themes/theme4/bg.gif",
      "profile_background_image_url_https": "https://abs.twimg.com/images/themes/theme4/bg.gif",
      "profile_background_tile": false,
      "profile_banner_url": "https://pbs.twimg.com/profile_banners/417898030/1477248871",
      "profile_image_url": "http://pbs.twimg.com/profile_images/632653434773241856/c5ASTecj_normal.jpg",
      "profile_image_url_https": "https://pbs.twimg.com/profile_images/632653434773241856/c5ASTecj_normal.jpg",
      "profile_link_color": "007CBA",
      "profile_sidebar_border_color": "000000",
      "profile_sidebar_fill_color": "000000",
      "profile_text_color": "000000",
      "profile_use_background_image": false,
      "protected": false,
      "screen_name": "mazinhoweb",
      "statuses_count": 678,
      "time_zone": null,
      "translator_type": "regular",
      "url": "http://www.mazinhoweb.com",
      "utc_offset": null,
      "verified": false,
      "withheld_in_countries": Array [],
    },
    Object {
      "blocked_by": null,
      "blocking": null,
      "contributors_enabled": false,
      "created_at": "Thu Oct 23 16:26:42 +0000 2008",
      "default_profile": true,
      "default_profile_image": true,
      "description": "",
      "favourites_count": 29,
      "follow_request_sent": null,
      "followers_count": 116,
      "following": null,
      "friends_count": 4998,
      "geo_enabled": false,
      "has_extended_profile": false,
      "id": 16929753,
      "id_str": "16929753",
      "is_translation_enabled": false,
      "is_translator": false,
      "lang": null,
      "listed_count": 1,
      "location": "",
      "muting": null,
      "name": "RSAA",
      "notifications": null,
      "profile_background_color": "C0DEED",
      "profile_background_image_url": "http://abs.twimg.com/images/themes/theme1/bg.png",
      "profile_background_image_url_https": "https://abs.twimg.com/images/themes/theme1/bg.png",
      "profile_background_tile": false,
      "profile_image_url": "http://abs.twimg.com/sticky/default_profile_images/default_profile_normal.png",
      "profile_image_url_https": "https://abs.twimg.com/sticky/default_profile_images/default_profile_normal.png",
      "profile_link_color": "1DA1F2",
      "profile_sidebar_border_color": "C0DEED",
      "profile_sidebar_fill_color": "DDEEF6",
      "profile_text_color": "333333",
      "profile_use_background_image": true,
      "protected": false,
      "screen_name": "RSAA",
      "statuses_count": 29,
      "time_zone": null,
      "translator_type": "regular",
      "url": null,
      "utc_offset": null,
      "verified": false,
      "withheld_in_countries": Array [],
    },
    Object {
      "blocked_by": null,
      "blocking": null,
      "contributors_enabled": false,
      "created_at": "Thu Dec 04 07:25:43 +0000 2014",
      "default_profile": false,
      "default_profile_image": false,
      "description": "I'm independent consultant, mentor, coder, make some magic and providing Angular/Node.JS consulting to ambitious teams.",
      "favourites_count": 1030,
      "follow_request_sent": null,
      "followers_count": 651,
      "following": null,
      "friends_count": 536,
      "geo_enabled": true,
      "has_extended_profile": true,
      "id": 2918328259,
      "id_str": "2918328259",
      "is_translation_enabled": false,
      "is_translator": false,
      "lang": null,
      "listed_count": 17,
      "location": "israel",
      "muting": null,
      "name": "Shlomi Levi",
      "notifications": null,
      "profile_background_color": "000000",
      "profile_background_image_url": "http://abs.twimg.com/images/themes/theme1/bg.png",
      "profile_background_image_url_https": "https://abs.twimg.com/images/themes/theme1/bg.png",
      "profile_background_tile": false,
      "profile_banner_url": "https://pbs.twimg.com/profile_banners/2918328259/1519318184",
      "profile_image_url": "http://pbs.twimg.com/profile_images/966716775143542784/VCdUVd-e_normal.jpg",
      "profile_image_url_https": "https://pbs.twimg.com/profile_images/966716775143542784/VCdUVd-e_normal.jpg",
      "profile_link_color": "91D2FA",
      "profile_sidebar_border_color": "000000",
      "profile_sidebar_fill_color": "000000",
      "profile_text_color": "000000",
      "profile_use_background_image": false,
      "protected": false,
      "screen_name": "wizardnet972",
      "statuses_count": 11873,
      "time_zone": null,
      "translator_type": "none",
      "url": "https://shlomi-levi.io",
      "utc_offset": null,
      "verified": false,
      "withheld_in_countries": Array [],
    },
    Object {
      "blocked_by": null,
      "blocking": null,
      "contributors_enabled": false,
      "created_at": "Tue Jun 09 07:45:45 +0000 2015",
      "default_profile": false,
      "default_profile_image": false,
      "description": "Founder @AngularGirls🔸Developer 🥑 @azureadvocates @Microsoft🔸@GoogleDevExpert🔸@Angular🔸 #community🔸#frontend instructor, consultant, developer, speaker🔸#Vegan🌞",
      "favourites_count": 3018,
      "follow_request_sent": null,
      "followers_count": 5290,
      "following": null,
      "friends_count": 826,
      "geo_enabled": true,
      "has_extended_profile": false,
      "id": 3240518502,
      "id_str": "3240518502",
      "is_translation_enabled": false,
      "is_translator": false,
      "lang": null,
      "listed_count": 154,
      "location": "ישראל",
      "muting": null,
      "name": "Shmuela Jacobs",
      "notifications": null,
      "profile_background_color": "000000",
      "profile_background_image_url": "http://abs.twimg.com/images/themes/theme1/bg.png",
      "profile_background_image_url_https": "https://abs.twimg.com/images/themes/theme1/bg.png",
      "profile_background_tile": false,
      "profile_banner_url": "https://pbs.twimg.com/profile_banners/3240518502/1477749810",
      "profile_image_url": "http://pbs.twimg.com/profile_images/792368911761149952/288P3Dk9_normal.jpg",
      "profile_image_url_https": "https://pbs.twimg.com/profile_images/792368911761149952/288P3Dk9_normal.jpg",
      "profile_link_color": "4500A0",
      "profile_sidebar_border_color": "000000",
      "profile_sidebar_fill_color": "000000",
      "profile_text_color": "000000",
      "profile_use_background_image": false,
      "protected": false,
      "screen_name": "ShmuelaJ",
      "statuses_count": 1515,
      "time_zone": null,
      "translator_type": "none",
      "url": "http://ng-girls.org",
      "utc_offset": null,
      "verified": false,
      "withheld_in_countries": Array [],
    },
    Object {
      "blocked_by": null,
      "blocking": null,
      "contributors_enabled": false,
      "created_at": "Thu Aug 18 20:46:42 +0000 2011",
      "default_profile": false,
      "default_profile_image": false,
      "description": "",
      "favourites_count": 2475,
      "follow_request_sent": null,
      "followers_count": 177,
      "following": null,
      "friends_count": 75,
      "geo_enabled": false,
      "has_extended_profile": false,
      "id": 357739076,
      "id_str": "357739076",
      "is_translation_enabled": false,
      "is_translator": false,
      "lang": null,
      "listed_count": 9,
      "location": "",
      "muting": null,
      "name": "Riccardo Giordani",
      "notifications": null,
      "profile_background_color": "EDECE9",
      "profile_background_image_url": "http://abs.twimg.com/images/themes/theme1/bg.png",
      "profile_background_image_url_https": "https://abs.twimg.com/images/themes/theme1/bg.png",
      "profile_background_tile": false,
      "profile_banner_url": "https://pbs.twimg.com/profile_banners/357739076/1572091985",
      "profile_image_url": "http://pbs.twimg.com/profile_images/1436675714821107716/mVBEOJLF_normal.jpg",
      "profile_image_url_https": "https://pbs.twimg.com/profile_images/1436675714821107716/mVBEOJLF_normal.jpg",
      "profile_link_color": "088253",
      "profile_sidebar_border_color": "D3D2CF",
      "profile_sidebar_fill_color": "E3E2DE",
      "profile_text_color": "634047",
      "profile_use_background_image": false,
      "protected": false,
      "screen_name": "r_giordani",
      "statuses_count": 5363,
      "time_zone": null,
      "translator_type": "none",
      "url": null,
      "utc_offset": null,
      "verified": false,
      "withheld_in_countries": Array [],
    },
  ],
}
`;
